---
sm25781587:
  description: 'トーベ・ヤンソンさん生誕100周年（2014）おめでとうございます。ムーミンさん生誕70周年（2015）おめでとうございます。ということで描いてみました。（参考動画）　インド人類は繁栄しました　sm18393920　【第10回MMD杯本選】MMDは繁栄しました　sm20124530<br><br><span
    style="background:#FFCCCC; color:#FF0000;"><span id="deleted_message_default">この動画はMOOMIN
    CHARACTERS OY LTDの申立により、著作権侵害として削除されました。<br>対象物: MOOMIN CHARACTERS OY LTDが著作権を有する著作物</span><span
    id="deleted_message_ext" value="This video has been deleted due to the MOOMIN
    CHARACTERS OY LTD''s notice of motion."></span></span>'
  tags:
    - "描いてみた"
    - "楽しいムーミン一家"
    - "リアルワールド"
    - "著作権侵害動画"
  
sm24189468:
  description: "頭頂部に誇りを生やす化物を「鬼」と呼ぶ世界の、鬼と娘のお話。<br /><br />5年前に自主制作した初めての映像作品「鬼斬少女」の続編です。<br
    />映像前半は2009年制作、後半は2014年制作です。<br />5年分の比較も楽しもうと、意図して似たような展開や構図を盛り込みました。<br
    />単体はYouTubeでご覧頂けます。<br />「鬼斬少女(2009)」：https://www.youtube.com/watch?v=fKW0whvVUYQ<br
    />「鬼斬娘(2014)」:https://www.youtube.com/watch?v=tfr5iaEE9bQ<br /><br />制作　つぶら<br
    />[HP]http://www.amatsubu-rabbit.com/"
  tags:
    - "アニメ"
    - "自主制作アニメ"
    - purikoko
    - Rabbit_MACHINE
    - "最後まで視聴推奨"
    - 5年後の月日（進化⁉）
    - "ワープ進化"
    - "作画解放"
